// Jest Snapshot v1, https://jestjs.io/docs/snapshot-testing

exports[`Header Component matches snapshot 1`] = `
<DocumentFragment>
  <header
    class="bg-gray-800 p-4 border-b border-gray-700"
  >
    <div
      class="max-w-7xl mx-auto flex items-center justify-between"
    >
      <h1
        class="text-2xl font-semibold"
      >
        Real-Time Ops Dashboard
      </h1>
      <div
        class="flex items-center gap-4 text-sm text-gray-300"
      >
        <div>
          Bonjour, Admin
        </div>
        <img
          alt="avatar"
          class="w-9 h-9 rounded-full"
          src="https://i.pravatar.cc/40"
        />
      </div>
    </div>
  </header>
</DocumentFragment>
`;
